[iqonicthemes.com/themes/qwilo/index.html]
[backblue.gif]
[fade.gif]
[index.html]
[iqonicthemes.com/themes/qwilo/images/favicon.ico]
[iqonicthemes.com/themes/qwilo/css/bootstrap.min.css]
[iqonicthemes.com/themes/qwilo/css/font-awesome.min.css]
[iqonicthemes.com/themes/qwilo/css/ionicons.min.css]
[iqonicthemes.com/themes/qwilo/css/mega-menu/mega_menu.css]
[iqonicthemes.com/themes/qwilo/css/owl-carousel/owl.carousel.css]
[iqonicthemes.com/themes/qwilo/css/magnific-popup.css]
[iqonicthemes.com/themes/qwilo/css/animate.css]
[iqonicthemes.com/themes/qwilo/css/mediaelementplayer.min.css]
[iqonicthemes.com/themes/qwilo/revolution/css/settings.css]
[iqonicthemes.com/themes/qwilo/revolution/css/revolution.addon.particles.css]
[iqonicthemes.com/themes/qwilo/css/shortcodes.css]
[iqonicthemes.com/themes/qwilo/css/style.css]
[iqonicthemes.com/themes/qwilo/css/shop.css]
[iqonicthemes.com/themes/qwilo/css/responsive.css]
[iqonicthemes.com/themes/qwilo/css/style-customizer.css]
[iqonicthemes.com/themes/qwilo/images/loader.png]
[iqonicthemes.com/themes/qwilo/images/logo.png]
[iqonicthemes.com/themes/qwilo/images/shop/01.jpg]
[iqonicthemes.com/themes/qwilo/home-1.html]
[iqonicthemes.com/themes/qwilo/home-2.html]
[iqonicthemes.com/themes/qwilo/home-3.html]
[iqonicthemes.com/themes/qwilo/home-4.html]
[iqonicthemes.com/themes/qwilo/creative-1.html]
[iqonicthemes.com/themes/qwilo/creative-2.html]
[iqonicthemes.com/themes/qwilo/classic-1.html]
[iqonicthemes.com/themes/qwilo/classic-2.html]
[iqonicthemes.com/themes/qwilo/business-1.html]
[iqonicthemes.com/themes/qwilo/business-2.html]
[iqonicthemes.com/themes/qwilo/business-3.html]
[iqonicthemes.com/themes/qwilo/corporate-1.html]
[iqonicthemes.com/themes/qwilo/corporate-2.html]
[iqonicthemes.com/themes/qwilo/finance.html]
[iqonicthemes.com/themes/qwilo/creative-agency.html]
[iqonicthemes.com/themes/qwilo/digital-agency.html]
[iqonicthemes.com/themes/qwilo/app-landing.html]
[iqonicthemes.com/themes/qwilo/law.html]
[iqonicthemes.com/themes/qwilo/loan.html]
[iqonicthemes.com/themes/qwilo/consultant.html]
[iqonicthemes.com/themes/qwilo/event.html]
[iqonicthemes.com/themes/qwilo/freelancer.html]
[iqonicthemes.com/themes/qwilo/shop-fashion.html]
[iqonicthemes.com/themes/qwilo/shop-electronic.html]
[iqonicthemes.com/themes/qwilo/images/bg/shop-bg1.jpg]
[iqonicthemes.com/themes/qwilo/header1-dark-bg.html]
[iqonicthemes.com/themes/qwilo/header1-white-bg.html]
[iqonicthemes.com/themes/qwilo/header1-transparent-dark.html]
[iqonicthemes.com/themes/qwilo/header1-transparent-white.html]
[iqonicthemes.com/themes/qwilo/header1-dark-border.html]
[iqonicthemes.com/themes/qwilo/header1-white-border.html]
[iqonicthemes.com/themes/qwilo/header2-dark-bg.html]
[iqonicthemes.com/themes/qwilo/header2-white-bg.html]
[iqonicthemes.com/themes/qwilo/header2-transparent.html]
[iqonicthemes.com/themes/qwilo/header2-transparent-dark.html]
[iqonicthemes.com/themes/qwilo/header2-transparent-white.html]
[iqonicthemes.com/themes/qwilo/header3-dark-bg.html]
[iqonicthemes.com/themes/qwilo/header3-white-bg.html]
[iqonicthemes.com/themes/qwilo/header3-white-green-bg.html]
[iqonicthemes.com/themes/qwilo/header4-dark-bg.html]
[iqonicthemes.com/themes/qwilo/header4-white-bg.html]
[iqonicthemes.com/themes/qwilo/header4-transparent-dark.html]
[iqonicthemes.com/themes/qwilo/header4-transparent-white.html]
[iqonicthemes.com/themes/qwilo/header5-dark-bg.html]
[iqonicthemes.com/themes/qwilo/header5-white-bg.html]
[iqonicthemes.com/themes/qwilo/header5-transparent-dark.html]
[iqonicthemes.com/themes/qwilo/header5-transparent-white.html]
[iqonicthemes.com/themes/qwilo/header5-color-bg.html]
[iqonicthemes.com/themes/qwilo/header5-image-bg.html]
[iqonicthemes.com/themes/qwilo/header6-dark-bg.html]
[iqonicthemes.com/themes/qwilo/header6-white-bg.html]
[iqonicthemes.com/themes/qwilo/header6-transparent.html]
[iqonicthemes.com/themes/qwilo/header6-transparent-dark.html]
[iqonicthemes.com/themes/qwilo/header6-transparent-white.html]
[iqonicthemes.com/themes/qwilo/header7-dark-bg.html]
[iqonicthemes.com/themes/qwilo/header7-white-bg.html]
[iqonicthemes.com/themes/qwilo/header7-transparent-dark.html]
[iqonicthemes.com/themes/qwilo/header7-transparent-white.html]
[iqonicthemes.com/themes/qwilo/header7-color-bg.html]
[iqonicthemes.com/themes/qwilo/header7-image-bg.html]
[iqonicthemes.com/themes/qwilo/footers-color-bg-1.html]
[iqonicthemes.com/themes/qwilo/footers-color-bg-2.html]
[iqonicthemes.com/themes/qwilo/footers-color-bg-3.html]
[iqonicthemes.com/themes/qwilo/footers-color-bg-4.html]
[iqonicthemes.com/themes/qwilo/footers-color-bg-5.html]
[iqonicthemes.com/themes/qwilo/footers-color-bg-6.html]
[iqonicthemes.com/themes/qwilo/footers-color-bg-7.html]
[iqonicthemes.com/themes/qwilo/footers-color-bg-8.html]
[iqonicthemes.com/themes/qwilo/footers-color-bg-9.html]
[iqonicthemes.com/themes/qwilo/footers-color-bg-10.html]
[iqonicthemes.com/themes/qwilo/footers-color-bg-11.html]
[iqonicthemes.com/themes/qwilo/footers-white-1.html]
[iqonicthemes.com/themes/qwilo/footers-white-2.html]
[iqonicthemes.com/themes/qwilo/footers-white-3.html]
[iqonicthemes.com/themes/qwilo/footers-white-4.html]
[iqonicthemes.com/themes/qwilo/footers-white-5.html]
[iqonicthemes.com/themes/qwilo/footers-white-6.html]
[iqonicthemes.com/themes/qwilo/footers-white-7.html]
[iqonicthemes.com/themes/qwilo/footers-image-bg-1.html]
[iqonicthemes.com/themes/qwilo/footers-image-bg-2.html]
[iqonicthemes.com/themes/qwilo/footers-image-bg-3.html]
[iqonicthemes.com/themes/qwilo/footers-image-bg-4.html]
[iqonicthemes.com/themes/qwilo/about-us-1.html]
[iqonicthemes.com/themes/qwilo/about-us-2.html]
[iqonicthemes.com/themes/qwilo/about-us-3.html]
[iqonicthemes.com/themes/qwilo/about-me-1.html]
[iqonicthemes.com/themes/qwilo/about-me-2.html]
[iqonicthemes.com/themes/qwilo/about-me-3.html]
[iqonicthemes.com/themes/qwilo/coming-soon-1.html]
[iqonicthemes.com/themes/qwilo/coming-soon-2.html]
[iqonicthemes.com/themes/qwilo/coming-soon-3.html]
[iqonicthemes.com/themes/qwilo/error-404-1.html]
[iqonicthemes.com/themes/qwilo/error-404-2.html]
[iqonicthemes.com/themes/qwilo/error-404-3.html]
[iqonicthemes.com/themes/qwilo/error-500-1.html]
[iqonicthemes.com/themes/qwilo/error-500-2.html]
[iqonicthemes.com/themes/qwilo/thank-you-1.html]
[iqonicthemes.com/themes/qwilo/thank-you-2.html]
[iqonicthemes.com/themes/qwilo/under-construction-1.html]
[iqonicthemes.com/themes/qwilo/under-construction-2.html]
[iqonicthemes.com/themes/qwilo/clients-1.html]
[iqonicthemes.com/themes/qwilo/clients-2.html]
[iqonicthemes.com/themes/qwilo/our-office.html]
[iqonicthemes.com/themes/qwilo/appointment.html]
[iqonicthemes.com/themes/qwilo/blogtextual.html]
[iqonicthemes.com/themes/qwilo/services-1.html]
[iqonicthemes.com/themes/qwilo/services-2.html]
[iqonicthemes.com/themes/qwilo/services-3.html]
[iqonicthemes.com/themes/qwilo/services-details-1.html]
[iqonicthemes.com/themes/qwilo/services-details-2.html]
[iqonicthemes.com/themes/qwilo/team-1.html]
[iqonicthemes.com/themes/qwilo/team-2.html]
[iqonicthemes.com/themes/qwilo/team-3.html]
[iqonicthemes.com/themes/qwilo/team-4.html]
[iqonicthemes.com/themes/qwilo/team-5.html]
[iqonicthemes.com/themes/qwilo/team-6.html]
[iqonicthemes.com/themes/qwilo/team-7.html]
[iqonicthemes.com/themes/qwilo/team-details-1.html]
[iqonicthemes.com/themes/qwilo/team-details-2.html]
[iqonicthemes.com/themes/qwilo/pricing-1.html]
[iqonicthemes.com/themes/qwilo/pricing-2.html]
[iqonicthemes.com/themes/qwilo/pricing-3.html]
[iqonicthemes.com/themes/qwilo/pricing-4.html]
[iqonicthemes.com/themes/qwilo/pricing-5.html]
[iqonicthemes.com/themes/qwilo/faq-1.html]
[iqonicthemes.com/themes/qwilo/faq-2.html]
[iqonicthemes.com/themes/qwilo/login-1.html]
[iqonicthemes.com/themes/qwilo/login-2.html]
[iqonicthemes.com/themes/qwilo/register-1.html]
[iqonicthemes.com/themes/qwilo/register-2.html]
[iqonicthemes.com/themes/qwilo/login-register-1.html]
[iqonicthemes.com/themes/qwilo/login-register-2.html]
[iqonicthemes.com/themes/qwilo/contact-us-1.html]
[iqonicthemes.com/themes/qwilo/contact-us-2.html]
[iqonicthemes.com/themes/qwilo/contact-us-3.html]
[iqonicthemes.com/themes/qwilo/elements-accordions.html]
[iqonicthemes.com/themes/qwilo/elements-action-box.html]
[iqonicthemes.com/themes/qwilo/elements-carousel-slider.html]
[iqonicthemes.com/themes/qwilo/elements-clients.html]
[iqonicthemes.com/themes/qwilo/elements-testimonial.html]
[iqonicthemes.com/themes/qwilo/elements-counters.html]
[iqonicthemes.com/themes/qwilo/elements-features.html]
[iqonicthemes.com/themes/qwilo/elements-pricing-boxes.html]
[iqonicthemes.com/themes/qwilo/elements-skill.html]
[iqonicthemes.com/themes/qwilo/elements-content-box.html]
[iqonicthemes.com/themes/qwilo/elements-tab.html]
[iqonicthemes.com/themes/qwilo/elements-team.html]
[iqonicthemes.com/themes/qwilo/elements-alerts.html]
[iqonicthemes.com/themes/qwilo/elements-tables.html]
[iqonicthemes.com/themes/qwilo/elements-lists-style.html]
[iqonicthemes.com/themes/qwilo/elements-typography.html]
[iqonicthemes.com/themes/qwilo/breadcrum-1.html]
[iqonicthemes.com/themes/qwilo/breadcrum-2.html]
[iqonicthemes.com/themes/qwilo/breadcrum-3.html]
[iqonicthemes.com/themes/qwilo/blog-classic-left-sidebar.html]
[iqonicthemes.com/themes/qwilo/blog-classic-right-sidebar.html]
[iqonicthemes.com/themes/qwilo/blog-classic-fullwidth.html]
[iqonicthemes.com/themes/qwilo/blog-grid-2-column-left-sidebar.html]
[iqonicthemes.com/themes/qwilo/blog-grid-2-column-right-sidebar.html]
[iqonicthemes.com/themes/qwilo/blog-grid-2-column.html]
[iqonicthemes.com/themes/qwilo/blog-grid-3-column.html]
[iqonicthemes.com/themes/qwilo/blog-masonry-2-columns-left-sidebar.html]
[iqonicthemes.com/themes/qwilo/blog-masonry-2-columns-right-sidebar.html]
[iqonicthemes.com/themes/qwilo/blog-masonry-2-columns.html]
[iqonicthemes.com/themes/qwilo/blog-masonry-3-columns.html]
[iqonicthemes.com/themes/qwilo/blog-single-audio-post.html]
[iqonicthemes.com/themes/qwilo/blog-single-image-post.html]
[iqonicthemes.com/themes/qwilo/blog-single-image-silder.html]
[iqonicthemes.com/themes/qwilo/blog-single-video-post.html]
[iqonicthemes.com/themes/qwilo/blog-single-vimeo-post.html]
[iqonicthemes.com/themes/qwilo/masonry-2-portfolio.html]
[iqonicthemes.com/themes/qwilo/masonry-2-portfolio-no-space.html]
[iqonicthemes.com/themes/qwilo/full-masonry-2-portfolio.html]
[iqonicthemes.com/themes/qwilo/full-masonry-2-portfolio-no-space.html]
[iqonicthemes.com/themes/qwilo/masonry-3-portfolio.html]
[iqonicthemes.com/themes/qwilo/masonry-3-portfolio-no-space.html]
[iqonicthemes.com/themes/qwilo/full-masonry-3-portfolio.html]
[iqonicthemes.com/themes/qwilo/full-masonry-3-portfolio-no-space.html]
[iqonicthemes.com/themes/qwilo/masonry-4-portfolio.html]
[iqonicthemes.com/themes/qwilo/masonry-4-portfolio-no-space.html]
[iqonicthemes.com/themes/qwilo/full-masonry-4-portfolio.html]
[iqonicthemes.com/themes/qwilo/full-masonry-4-portfolio-no-space.html]
[iqonicthemes.com/themes/qwilo/full-masonry-5-portfolio.html]
[iqonicthemes.com/themes/qwilo/full-masonry-5-portfolio-no-space.html]
[iqonicthemes.com/themes/qwilo/gallery-2-portfolio.html]
[iqonicthemes.com/themes/qwilo/gallery-2-portfolio-no-space.html]
[iqonicthemes.com/themes/qwilo/full-gallery-2-portfolio.html]
[iqonicthemes.com/themes/qwilo/full-gallery-2-portfolio-no-space.html]
[iqonicthemes.com/themes/qwilo/gallery-3-portfolio.html]
[iqonicthemes.com/themes/qwilo/gallery-3-portfolio-no-space.html]
[iqonicthemes.com/themes/qwilo/full-gallery-3-portfolio.html]
[iqonicthemes.com/themes/qwilo/full-gallery-3-portfolio-no-space.html]
[iqonicthemes.com/themes/qwilo/gallery-4-portfolio.html]
[iqonicthemes.com/themes/qwilo/gallery-4-portfolio-no-space.html]
[iqonicthemes.com/themes/qwilo/full-gallery-4-portfolio.html]
[iqonicthemes.com/themes/qwilo/full-gallery-4-portfolio-no-space.html]
[iqonicthemes.com/themes/qwilo/full-gallery-5-portfolio.html]
[iqonicthemes.com/themes/qwilo/full-gallery-5-portfolio-no-space.html]
[iqonicthemes.com/themes/qwilo/grid-2-portfolio.html]
[iqonicthemes.com/themes/qwilo/grid-2-portfolio-no-space.html]
[iqonicthemes.com/themes/qwilo/full-grid-2-portfolio.html]
[iqonicthemes.com/themes/qwilo/full-grid-2-portfolio-no-space.html]
[iqonicthemes.com/themes/qwilo/grid-3-portfolio.html]
[iqonicthemes.com/themes/qwilo/grid-3-portfolio-no-space.html]
[iqonicthemes.com/themes/qwilo/full-grid-3-portfolio.html]
[iqonicthemes.com/themes/qwilo/full-grid-3-portfolio-no-space.html]
[iqonicthemes.com/themes/qwilo/grid-4-portfolio.html]
[iqonicthemes.com/themes/qwilo/grid-4-portfolio-no-space.html]
[iqonicthemes.com/themes/qwilo/full-grid-4-portfolio.html]
[iqonicthemes.com/themes/qwilo/full-grid-4-portfolio-no-space.html]
[iqonicthemes.com/themes/qwilo/full-grid-5-portfolio.html]
[iqonicthemes.com/themes/qwilo/full-grid-5-portfolio-no-space.html]
[iqonicthemes.com/themes/qwilo/classic-portfolio.html]
[iqonicthemes.com/themes/qwilo/classic-2-portfolio.html]
[iqonicthemes.com/themes/qwilo/classic-2-portfolio-no-space.html]
[iqonicthemes.com/themes/qwilo/full-classic-2-portfolio.html]
[iqonicthemes.com/themes/qwilo/full-classic-2-portfolio-no-space.html]
[iqonicthemes.com/themes/qwilo/classic-3-portfolio.html]
[iqonicthemes.com/themes/qwilo/classic-3-portfolio-no-space.html]
[iqonicthemes.com/themes/qwilo/full-classic-3-portfolio.html]
[iqonicthemes.com/themes/qwilo/full-classic-3-portfolio-no-space.html]
[iqonicthemes.com/themes/qwilo/classic-4-portfolio.html]
[iqonicthemes.com/themes/qwilo/classic-4-portfolio-no-space.html]
[iqonicthemes.com/themes/qwilo/full-classic-4-portfolio.html]
[iqonicthemes.com/themes/qwilo/full-classic-4-portfolio-no-space.html]
[iqonicthemes.com/themes/qwilo/classic-masonry-2-portfolio.html]
[iqonicthemes.com/themes/qwilo/classic-masonry-2-portfolio-no-space.html]
[iqonicthemes.com/themes/qwilo/full-classic-masonry-2-portfolio.html]
[iqonicthemes.com/themes/qwilo/full-classic-masonry-2-portfolio-no-space.html]
[iqonicthemes.com/themes/qwilo/classic-masonry-3-portfolio.html]
[iqonicthemes.com/themes/qwilo/classic-masonry-3-portfolio-no-space.html]
[iqonicthemes.com/themes/qwilo/full-classic-masonry-3-portfolio.html]
[iqonicthemes.com/themes/qwilo/full-classic-masonry-3-portfolio-no-space.html]
[iqonicthemes.com/themes/qwilo/classic-masonry-4-portfolio.html]
[iqonicthemes.com/themes/qwilo/classic-masonry-4-portfolio-no-space.html]
[iqonicthemes.com/themes/qwilo/full-classic-masonry-4-portfolio.html]
[iqonicthemes.com/themes/qwilo/full-classic-masonry-4-portfolio-no-space.html]
[iqonicthemes.com/themes/qwilo/portfolio-single-1.html]
[iqonicthemes.com/themes/qwilo/portfolio-single-2.html]
[iqonicthemes.com/themes/qwilo/shop-detail.html]
[iqonicthemes.com/themes/qwilo/shop-detail-left-sidebar.html]
[iqonicthemes.com/themes/qwilo/shop-detail-right-sidebar.html]
[iqonicthemes.com/themes/qwilo/shop-grid-2columns.html]
[iqonicthemes.com/themes/qwilo/shop-grid-2columns-left-sidebar.html]
[iqonicthemes.com/themes/qwilo/shop-grid-2columns-right-sidebar.html]
[iqonicthemes.com/themes/qwilo/shop-grid-2columns-sidebar-both.html]
[iqonicthemes.com/themes/qwilo/shop-grid-3columns.html]
[iqonicthemes.com/themes/qwilo/shop-grid-3columns-left-sidebar.html]
[iqonicthemes.com/themes/qwilo/shop-grid-4columns-right-sidebar.html]
[iqonicthemes.com/themes/qwilo/shop-grid-4columns.html]
[iqonicthemes.com/themes/qwilo/shop-grid-4columns-left-sidebar.html]
[iqonicthemes.com/themes/qwilo/shop-listing.html]
[iqonicthemes.com/themes/qwilo/shop-listing-left-sidebar.html]
[iqonicthemes.com/themes/qwilo/shop-listing-right-sidebar.html]
[iqonicthemes.com/themes/qwilo/shop-listing-sidebar-both.html]
[iqonicthemes.com/themes/qwilo/shop-full-width.html]
[iqonicthemes.com/themes/qwilo/cart.html]
[iqonicthemes.com/themes/qwilo/checkout.html]
[iqonicthemes.com/themes/qwilo/revolution/assets/5ec60-05a0c-1.jpg]
[iqonicthemes.com/themes/qwilo/revolution/assets/67ed1-02.png]
[iqonicthemes.com/themes/qwilo/revolution/assets/9269d-Untitled-2.png]
[iqonicthemes.com/themes/qwilo/revolution/assets/96afd-4.png]
[iqonicthemes.com/themes/qwilo/images/feature/01.jpg]
[iqonicthemes.com/themes/qwilo/images/feature/04.jpg]
[iqonicthemes.com/themes/qwilo/images/feature/05.jpg]
[iqonicthemes.com/themes/qwilo/images/feature/06.jpg]
[iqonicthemes.com/themes/qwilo/images/02.png]
[iqonicthemes.com/themes/qwilo/images/portfolio/small/01.jpg]
[iqonicthemes.com/themes/qwilo/images/portfolio/small/02.jpg]
[iqonicthemes.com/themes/qwilo/images/portfolio/small/03.jpg]
[iqonicthemes.com/themes/qwilo/images/portfolio/small/04.jpg]
[iqonicthemes.com/themes/qwilo/images/portfolio/small/05.jpg]
[iqonicthemes.com/themes/qwilo/images/portfolio/small/06.jpg]
[iqonicthemes.com/themes/qwilo/images/portfolio/small/07.jpg]
[iqonicthemes.com/themes/qwilo/images/team/tavtar-1.png]
[iqonicthemes.com/themes/qwilo/images/team/tavtar-2.png]
[iqonicthemes.com/themes/qwilo/images/team/tavtar-3.png]
[iqonicthemes.com/themes/qwilo/images/blog/01.jpg]
[iqonicthemes.com/themes/qwilo/images/blog/02.jpg]
[iqonicthemes.com/themes/qwilo/images/blog/03.jpg]
[iqonicthemes.com/themes/qwilo/images/blog/04.jpg]
[iqonicthemes.com/themes/qwilo/images/bg/03.jpg]
[iqonicthemes.com/themes/qwilo/images/bg/02.jpg]
[iqonicthemes.com/themes/qwilo/images/team/small/01.jpg]
[iqonicthemes.com/themes/qwilo/images/team/small/02.jpg]
[iqonicthemes.com/themes/qwilo/images/team/small/03.jpg]
[iqonicthemes.com/themes/qwilo/images/team/small/04.jpg]
[iqonicthemes.com/themes/qwilo/images/clients/gray/01.png]
[iqonicthemes.com/themes/qwilo/images/clients/gray/02.png]
[iqonicthemes.com/themes/qwilo/images/clients/gray/03.png]
[iqonicthemes.com/themes/qwilo/images/clients/gray/04.png]
[iqonicthemes.com/themes/qwilo/images/clients/gray/05.png]
[iqonicthemes.com/themes/qwilo/images/clients/gray/06.png]
[iqonicthemes.com/themes/qwilo/images/clients/gray/07.png]
[iqonicthemes.com/themes/qwilo/images/clients/gray/08.png]
[iqonicthemes.com/themes/qwilo/images/clients/gray/09.png]
[iqonicthemes.com/themes/qwilo/images/bg/22.jpg]
[iqonicthemes.com/themes/qwilo/images/gallery/01.jpg]
[iqonicthemes.com/themes/qwilo/images/gallery/02.jpg]
[iqonicthemes.com/themes/qwilo/images/gallery/03.jpg]
[iqonicthemes.com/themes/qwilo/images/flicker/i1.jpg]
[iqonicthemes.com/themes/qwilo/images/flicker/i1-thumb.jpg]
[iqonicthemes.com/themes/qwilo/images/flicker/i2.jpg]
[iqonicthemes.com/themes/qwilo/images/flicker/i2-thumb.jpg]
[iqonicthemes.com/themes/qwilo/images/flicker/i3.jpg]
[iqonicthemes.com/themes/qwilo/images/flicker/i3-thumb.jpg]
[iqonicthemes.com/themes/qwilo/images/flicker/i4.jpg]
[iqonicthemes.com/themes/qwilo/images/flicker/i4-thumb.jpg]
[iqonicthemes.com/cdn-cgi/scripts/5c5dd728/cloudflare-static/email-decode.min.js]
[iqonicthemes.com/themes/qwilo/js/jquery.min.js]
[iqonicthemes.com/themes/qwilo/js/popper.min.js]
[iqonicthemes.com/themes/qwilo/js/bootstrap.min.js]
[www.google.com/recaptcha/api.js]
[iqonicthemes.com/themes/qwilo/js/mega-menu/mega_menu.js]
[iqonicthemes.com/themes/qwilo/js/main.js]
[iqonicthemes.com/themes/qwilo/revolution/js/revolution.addon.particles.min.js]
[iqonicthemes.com/themes/qwilo/revolution/js/jquery.themepunch.tools.min.js]
[iqonicthemes.com/themes/qwilo/revolution/js/jquery.themepunch.revolution.min.js]
[iqonicthemes.com/themes/qwilo/revolution/js/extensions/revolution.extension.actions.min.js]
[iqonicthemes.com/themes/qwilo/revolution/js/extensions/revolution.extension.carousel.min.js]
[iqonicthemes.com/themes/qwilo/revolution/js/extensions/revolution.extension.kenburn.min.js]
[iqonicthemes.com/themes/qwilo/revolution/js/extensions/revolution.extension.layeranimation.min.js]
[iqonicthemes.com/themes/qwilo/revolution/js/extensions/revolution.extension.migration.min.js]
[iqonicthemes.com/themes/qwilo/revolution/js/extensions/revolution.extension.navigation.min.js]
[iqonicthemes.com/themes/qwilo/revolution/js/extensions/revolution.extension.parallax.min.js]
[iqonicthemes.com/themes/qwilo/revolution/js/extensions/revolution.extension.slideanims.min.js]
[iqonicthemes.com/themes/qwilo/revolution/js/extensions/revolution.extension.video.min.js]
[iqonicthemes.com/themes/qwilo/js/style-customizer.js]
[iqonicthemes.com/themes/qwilo/index.html]
[iqonicthemes.com/themes/qwilo/css/bootstrap.min.css]
[iqonicthemes.com/themes/qwilo/js/custom.js]
[iqonicthemes.com/themes/qwilo/fonts/fontawesome-webfont3e6e.eot]
[iqonicthemes.com/themes/qwilo/fonts/fontawesome-webfontd41d.eot]
[iqonicthemes.com/themes/qwilo/fonts/fontawesome-webfont3e6e.woff]
[iqonicthemes.com/themes/qwilo/fonts/fontawesome-webfont3e6e.ttf]
[iqonicthemes.com/themes/qwilo/css/font-awesome.min.css]
[iqonicthemes.com/themes/qwilo/fonts/fontawesome-webfont3e6e.svg]
[iqonicthemes.com/themes/qwilo/fonts/ionicons28b5.eot]
[iqonicthemes.com/themes/qwilo/fonts/ionicons28b5.ttf]
[iqonicthemes.com/themes/qwilo/fonts/ionicons28b5.woff]
[iqonicthemes.com/themes/qwilo/css/ionicons.min.css]
[iqonicthemes.com/themes/qwilo/css/mega-menu/mega_menu.css]
[iqonicthemes.com/themes/qwilo/fonts/ionicons28b5.svg]
[iqonicthemes.com/themes/qwilo/css/owl-carousel/owl.video.play.png]
[iqonicthemes.com/themes/qwilo/css/owl-carousel/owl.carousel.css]
[iqonicthemes.com/themes/qwilo/css/magnific-popup.css]
[iqonicthemes.com/themes/qwilo/css/animate.css]
[iqonicthemes.com/themes/qwilo/images/blog-controls.png]
[iqonicthemes.com/themes/qwilo/css/mediaelementplayer.min.css]
[iqonicthemes.com/themes/qwilo/revolution/fonts/revicons/revicons90c6.eot]
[iqonicthemes.com/themes/qwilo/revolution/fonts/revicons/revicons90c6.woff]
[iqonicthemes.com/themes/qwilo/revolution/fonts/revicons/revicons90c6.ttf]
[iqonicthemes.com/themes/qwilo/revolution/fonts/revicons/revicons90c6.svg]
[iqonicthemes.com/themes/qwilo/revolution/css/openhand.cur]
[iqonicthemes.com/themes/qwilo/revolution/css/closedhand.cur]
[iqonicthemes.com/themes/qwilo/revolution/assets/gridtile.png]
[iqonicthemes.com/themes/qwilo/revolution/assets/gridtile_white.png]
[iqonicthemes.com/themes/qwilo/revolution/assets/gridtile_3x3.png]
[iqonicthemes.com/themes/qwilo/revolution/assets/gridtile_3x3_white.png]
[iqonicthemes.com/themes/qwilo/revolution/assets/coloredbg.png]
[iqonicthemes.com/themes/qwilo/revolution/assets/loader.gif]
[iqonicthemes.com/themes/qwilo/revolution/css/settings.css]
[iqonicthemes.com/themes/qwilo/revolution/css/revolution.addon.particles.css]
[iqonicthemes.com/themes/qwilo/images/arrow/dashed-arrow1.png]
[iqonicthemes.com/themes/qwilo/images/arrow/dashed-arrow2.png]
[iqonicthemes.com/themes/qwilo/css/shortcodes.css]
[iqonicthemes.com/themes/qwilo/images/bg/05.jpg]
[iqonicthemes.com/themes/qwilo/images/pattern/pattern-2.png]
[iqonicthemes.com/themes/qwilo/images/bg/4042.jpg]
[iqonicthemes.com/themes/qwilo/images/bg/road.jpg]
[iqonicthemes.com/themes/qwilo/images/bg/30.jpg]
[iqonicthemes.com/themes/qwilo/images/bg/41.jpg]
[iqonicthemes.com/themes/qwilo/images/bg/under.jpg]
[iqonicthemes.com/themes/qwilo/css/style.css]
[iqonicthemes.com/themes/qwilo/css/shop.css]
[iqonicthemes.com/themes/qwilo/css/responsive.css]
[iqonicthemes.com/themes/qwilo/css/custom.css]
[iqonicthemes.com/themes/qwilo/css/style-customizer.css]
[iqonicthemes.com/themes/qwilo/images/shop/01.html]
[iqonicthemes.com/themes/qwilo/revolution/assets/025f1-a.jpg]
[iqonicthemes.com/themes/qwilo/revolution/assets/e75fd-b.jpg]
[iqonicthemes.com/themes/qwilo/revolution/assets/07fca-c.jpg]
[iqonicthemes.com/themes/qwilo/images/about-us/about-1.png]
[iqonicthemes.com/themes/qwilo/images/about-us/about-2.png]
[iqonicthemes.com/themes/qwilo/images/about-us/about-3.png]
[iqonicthemes.com/themes/qwilo/images/device/awesome-img6.png]
[iqonicthemes.com/themes/qwilo/images/device/awesome-img7.png]
[iqonicthemes.com/themes/qwilo/images/device/awesome-img8.png]
[iqonicthemes.com/themes/qwilo/images/device/awesome-img9.png]
[iqonicthemes.com/themes/qwilo/images/device/awesome-img10.png]
[iqonicthemes.com/themes/qwilo/images/device/awesome-img2.png]
[iqonicthemes.com/themes/qwilo/images/device/iphonex-1.png]
[iqonicthemes.com/themes/qwilo/images/bg/27.jpg]
[iqonicthemes.com/themes/qwilo/images/portfolio/small/08.jpg]
[iqonicthemes.com/themes/qwilo/images/portfolio/small/09.jpg]
[iqonicthemes.com/themes/qwilo/images/portfolio/small/10.jpg]
[iqonicthemes.com/themes/qwilo/images/portfolio/small/11.jpg]
[iqonicthemes.com/themes/qwilo/images/portfolio/small/12.jpg]
[iqonicthemes.com/themes/qwilo/images/portfolio/small/13.jpg]
[iqonicthemes.com/themes/qwilo/images/portfolio/small/14.jpg]
[iqonicthemes.com/themes/qwilo/images/portfolio/small/15.jpg]
[iqonicthemes.com/themes/qwilo/images/bg/16.jpg]
[iqonicthemes.com/themes/qwilo/images/bg/mountain-1.png]
[iqonicthemes.com/themes/qwilo/images/logo-black.png]
[iqonicthemes.com/themes/qwilo/home-1.html]
[iqonicthemes.com/themes/qwilo/revolution/js/revolution.addon.snow.min.js]
[iqonicthemes.com/themes/qwilo/images/bg/01.jpg]
[iqonicthemes.com/themes/qwilo/blog-classicbar.html]
[iqonicthemes.com/themes/qwilo/blog-grid-2-columnbar.html]
[iqonicthemes.com/themes/qwilo/blog-masonry-2-columnsbar.html]
[iqonicthemes.com/themes/qwilo/revolution/assets/7bb4f-fgfg.jpg]
[iqonicthemes.com/themes/qwilo/revolution/assets/c248e-c3.jpg]
[iqonicthemes.com/themes/qwilo/revolution/assets/ab55c-c12.jpg]
[iqonicthemes.com/themes/qwilo/images/bg/04.jpg]
[iqonicthemes.com/themes/qwilo/images/device/page-1.png]
[iqonicthemes.com/themes/qwilo/images/bg/28.jpg]
[iqonicthemes.com/themes/qwilo/images/bg/44.jpg]
[iqonicthemes.com/themes/qwilo/images/counter/1.png]
[iqonicthemes.com/themes/qwilo/images/counter/2.png]
[iqonicthemes.com/themes/qwilo/images/counter/3.png]
[iqonicthemes.com/themes/qwilo/images/counter/4.png]
[iqonicthemes.com/themes/qwilo/images/bg/13.jpg]
[iqonicthemes.com/themes/qwilo/images/team/team1.jpg]
[iqonicthemes.com/themes/qwilo/images/team/team2.jpg]
[iqonicthemes.com/themes/qwilo/images/team/team3.jpg]
[iqonicthemes.com/themes/qwilo/images/team/team4.jpg]
[iqonicthemes.com/themes/qwilo/images/bg/36.jpg]
[iqonicthemes.com/themes/qwilo/home-2.html]
[iqonicthemes.com/themes/qwilo/revolution/assets/d4779-11.jpg]
[iqonicthemes.com/themes/qwilo/revolution/assets/8f80d-c12.jpg]
[iqonicthemes.com/themes/qwilo/revolution/assets/a3cc1-bg-13.jpg]
[iqonicthemes.com/themes/qwilo/images/about-us/16.png]
[iqonicthemes.com/themes/qwilo/images/device/awesome-img1.png]
[iqonicthemes.com/themes/qwilo/images/device/awesome-img3.png]
[iqonicthemes.com/themes/qwilo/images/device/awesome-img4.png]
[iqonicthemes.com/themes/qwilo/images/device/awesome-img5.png]
[iqonicthemes.com/themes/qwilo/images/device/mac-4.png]
[iqonicthemes.com/themes/qwilo/home-3.html]
[iqonicthemes.com/themes/qwilo/revolution/assets/18c64-Video_Footage_Of_City.jpg]
[iqonicthemes.com/themes/qwilo/revolution/assets/0b4e1-gfgf.jpg]
[iqonicthemes.com/themes/qwilo/revolution/assets/3d474-1.jpg]
[iqonicthemes.com/themes/qwilo/about-details.html]
[iqonicthemes.com/themes/qwilo/images/device/06.jpg]
[iqonicthemes.com/themes/qwilo/images/bg/26.jpg]
[iqonicthemes.com/themes/qwilo/images/team/trainer2.jpg]
[iqonicthemes.com/themes/qwilo/images/team/trainer1.jpg]
[iqonicthemes.com/themes/qwilo/images/team/trainer3.jpg]
[iqonicthemes.com/themes/qwilo/images/team/trainer4.jpg]
[iqonicthemes.com/themes/qwilo/images/portfolio/grid/01.jpg]
[iqonicthemes.com/themes/qwilo/images/portfolio/grid/02.jpg]
[iqonicthemes.com/themes/qwilo/images/portfolio/grid/03.jpg]
[iqonicthemes.com/themes/qwilo/images/portfolio/grid/04.jpg]
[iqonicthemes.com/themes/qwilo/images/portfolio/grid/05.jpg]
[iqonicthemes.com/themes/qwilo/images/portfolio/grid/06.jpg]
[iqonicthemes.com/themes/qwilo/images/portfolio/grid/07.jpg]
[iqonicthemes.com/themes/qwilo/images/portfolio/grid/08.jpg]
[iqonicthemes.com/themes/qwilo/images/bg/31.jpg]
[iqonicthemes.com/themes/qwilo/images/bg/09.jpg]
[iqonicthemes.com/themes/qwilo/home-4.html]
[iqonicthemes.com/themes/qwilo/revolution/assets/1d214-b11.jpg]
[iqonicthemes.com/themes/qwilo/revolution/assets/152e2-b3.jpg]
[iqonicthemes.com/themes/qwilo/revolution/assets/88684-b2.jpg]
[iqonicthemes.com/themes/qwilo/images/services/icon/services-icon-1.png]
[iqonicthemes.com/themes/qwilo/images/services/icon/services-icon-2.png]
[iqonicthemes.com/themes/qwilo/images/services/icon/services-icon-3.png]
[iqonicthemes.com/themes/qwilo/images/ckeck.png]
[iqonicthemes.com/themes/qwilo/images/device/mac-1.png]
[iqonicthemes.com/themes/qwilo/images/feature/02.jpg]
[iqonicthemes.com/themes/qwilo/images/about-us/02.png]
[iqonicthemes.com/themes/qwilo/creative-1.html]
[iqonicthemes.com/themes/qwilo/revolution/assets/a5248-3.jpg]
[iqonicthemes.com/themes/qwilo/revolution/assets/a5608-img-effects3.jpg]
[iqonicthemes.com/themes/qwilo/revolution/assets/71fba-img-effects2.jpg]
[iqonicthemes.com/themes/qwilo/images/bg/19.png]
[iqonicthemes.com/themes/qwilo/images/about-us/08.jpg]
[iqonicthemes.com/themes/qwilo/images/feature/03.jpg]
[iqonicthemes.com/themes/qwilo/images/device/ipad-pro.png]
[iqonicthemes.com/themes/qwilo/images/device/mac-2.png]
[iqonicthemes.com/themes/qwilo/images/about-us/09.png]
[iqonicthemes.com/themes/qwilo/images/clients/white/01.png]
[iqonicthemes.com/themes/qwilo/images/clients/white/02.png]
[iqonicthemes.com/themes/qwilo/images/clients/white/03.png]
[iqonicthemes.com/themes/qwilo/images/clients/white/04.png]
[iqonicthemes.com/themes/qwilo/images/clients/white/05.png]
[iqonicthemes.com/themes/qwilo/images/clients/white/06.png]
[iqonicthemes.com/themes/qwilo/images/clients/white/07.png]
[iqonicthemes.com/themes/qwilo/images/clients/white/08.png]
[iqonicthemes.com/themes/qwilo/images/bg/06.jpg]
[iqonicthemes.com/themes/qwilo/creative-2.html]
[iqonicthemes.com/themes/qwilo/revolution/assets/60508-bg-11.jpg]
[iqonicthemes.com/themes/qwilo/revolution/assets/81d39-bg-7.jpg]
[iqonicthemes.com/themes/qwilo/revolution/assets/5cada-bg-12.jpg]
[iqonicthemes.com/themes/qwilo/images/about-us/04.jpg]
[iqonicthemes.com/themes/qwilo/images/about-us/05.jpg]
[iqonicthemes.com/themes/qwilo/images/about-us/06.jpg]
[iqonicthemes.com/themes/qwilo/images/device/ipad-pro1.png]
[iqonicthemes.com/themes/qwilo/images/services/icon/01.png]
[iqonicthemes.com/themes/qwilo/images/services/icon/02.png]
[iqonicthemes.com/themes/qwilo/images/services/icon/03.png]
[iqonicthemes.com/themes/qwilo/images/services/icon/04.png]
[iqonicthemes.com/themes/qwilo/images/services/icon/05.png]
[iqonicthemes.com/themes/qwilo/images/services/icon/06.png]
[iqonicthemes.com/themes/qwilo/images/bg/07.jpg]
[iqonicthemes.com/themes/qwilo/images/bg/14.jpg]
[iqonicthemes.com/themes/qwilo/classic-1.html]
[iqonicthemes.com/themes/qwilo/revolution/assets/transparent.png]
[iqonicthemes.com/themes/qwilo/revolution/assets/7cf15-9.png]
[iqonicthemes.com/themes/qwilo/revolution/assets/dc611-8.png]
[iqonicthemes.com/themes/qwilo/revolution/assets/bdd92-11.png]
[iqonicthemes.com/themes/qwilo/revolution/assets/803fc-10.png]
[iqonicthemes.com/themes/qwilo/images/about-us/half-img.png]
[iqonicthemes.com/themes/qwilo/images/device/mini-tab.png]
[iqonicthemes.com/themes/qwilo/images/team/round-img1.png]
[iqonicthemes.com/themes/qwilo/images/team/round-img2.png]
[iqonicthemes.com/themes/qwilo/images/team/round-img3.png]
[iqonicthemes.com/themes/qwilo/classic-2.html]
[iqonicthemes.com/themes/qwilo/revolution/assets/961fe-bg-14.jpg]
[iqonicthemes.com/themes/qwilo/revolution/assets/92f35-bg-15.jpg]
[iqonicthemes.com/themes/qwilo/images/feature/feature4.png]
[iqonicthemes.com/themes/qwilo/images/about-us/03.jpg]
[iqonicthemes.com/themes/qwilo/images/bg/08.jpg]
[iqonicthemes.com/themes/qwilo/images/about-us/11.jpg]
[iqonicthemes.com/themes/qwilo/business-1.html]
[iqonicthemes.com/themes/qwilo/revolution/assets/a6752-c123.jpg]
[iqonicthemes.com/themes/qwilo/revolution/assets/3322f-c124.jpg]
[iqonicthemes.com/themes/qwilo/revolution/assets/9655d-c1dfdf.jpg]
[iqonicthemes.com/themes/qwilo/images/award.png]
[iqonicthemes.com/themes/qwilo/images/about-us/year-bg.jpg]
[iqonicthemes.com/themes/qwilo/images/about-us/year.png]
[iqonicthemes.com/themes/qwilo/images/bg/32.jpg]
[iqonicthemes.com/themes/qwilo/images/certificate/1.jpg]
[iqonicthemes.com/themes/qwilo/images/certificate/2.jpg]
[iqonicthemes.com/themes/qwilo/images/certificate/3.jpg]
[iqonicthemes.com/themes/qwilo/images/certificate/4.jpg]
[iqonicthemes.com/themes/qwilo/images/certificate/5.jpg]
[iqonicthemes.com/themes/qwilo/images/certificate/6.jpg]
[iqonicthemes.com/themes/qwilo/business-2.html]
[iqonicthemes.com/themes/qwilo/images/down-bg.png]
[iqonicthemes.com/themes/qwilo/images/device/mac-3.png]
[iqonicthemes.com/themes/qwilo/images/device/mobile-tab.png]
[iqonicthemes.com/themes/qwilo/images/portfolio/masonry/01.jpg]
[iqonicthemes.com/themes/qwilo/images/portfolio/masonry/02.jpg]
[iqonicthemes.com/themes/qwilo/images/portfolio/masonry/03.jpg]
[iqonicthemes.com/themes/qwilo/images/portfolio/masonry/04.jpg]
[iqonicthemes.com/themes/qwilo/images/portfolio/masonry/05.jpg]
[iqonicthemes.com/themes/qwilo/images/portfolio/masonry/06.jpg]
[iqonicthemes.com/themes/qwilo/images/portfolio/masonry/07.jpg]
[iqonicthemes.com/themes/qwilo/business-3.html]
[iqonicthemes.com/themes/qwilo/revolution/assets/f0654-c1.jpg]
[iqonicthemes.com/themes/qwilo/revolution/assets/0dd7c-c4.jpg]
[iqonicthemes.com/themes/qwilo/revolution/assets/bbea9-c2.jpg]
[iqonicthemes.com/themes/qwilo/images/feature/step-img1.jpg]
[iqonicthemes.com/themes/qwilo/images/feature/step-img2.jpg]
[iqonicthemes.com/themes/qwilo/images/feature/step-img3.jpg]
[iqonicthemes.com/themes/qwilo/images/bg/12.jpg]
[iqonicthemes.com/themes/qwilo/images/bg/37.jpg]
[iqonicthemes.com/themes/qwilo/images/clients/white/09.png]
[iqonicthemes.com/themes/qwilo/images/bg/43.jpg]
[iqonicthemes.com/themes/qwilo/corporate-1.html]
[iqonicthemes.com/themes/qwilo/revolution/assets/a47ad-bb03f-Untitled-2.jpg]
[iqonicthemes.com/themes/qwilo/revolution/assets/eb18e-bc3c7-Untitled-1.jpg]
[iqonicthemes.com/themes/qwilo/revolution/assets/b46c7-01.jpg]
[iqonicthemes.com/themes/qwilo/images/bg/34.jpg]
[iqonicthemes.com/themes/qwilo/corporate-2.html]
[iqonicthemes.com/themes/qwilo/css/color/color-9.css]
[iqonicthemes.com/themes/qwilo/images/color-customizer/white/color-9.png]
[iqonicthemes.com/themes/qwilo/revolution/assets/94d46-red.jpg]
[iqonicthemes.com/themes/qwilo/revolution/assets/b2568-2.jpg]
[iqonicthemes.com/themes/qwilo/revolution/assets/f01fd-f1.jpg]
[iqonicthemes.com/themes/qwilo/images/about-us/graph.png]
[iqonicthemes.com/themes/qwilo/images/bg/46.jpg]
[iqonicthemes.com/themes/qwilo/images/bg/10.jpg]
[iqonicthemes.com/themes/qwilo/images/services/icon/red-icon1.png]
[iqonicthemes.com/themes/qwilo/images/services/icon/red-icon2.png]
[iqonicthemes.com/themes/qwilo/images/services/icon/red-icon3.png]
[iqonicthemes.com/themes/qwilo/images/services/icon/red-icon4.png]
[iqonicthemes.com/themes/qwilo/images/services/icon/red-icon5.png]
[iqonicthemes.com/themes/qwilo/images/services/icon/red-icon6.png]
[iqonicthemes.com/themes/qwilo/images/about-us/15.png]
[iqonicthemes.com/themes/qwilo/images/about-us/finance-img.png]
[iqonicthemes.com/themes/qwilo/images/bg/47.jpg]
[iqonicthemes.com/themes/qwilo/finance.html]
[iqonicthemes.com/themes/qwilo/revolution/assets/80139-23.jpg]
[iqonicthemes.com/themes/qwilo/revolution/assets/1e757-24.jpg]
[iqonicthemes.com/themes/qwilo/images/services/icon/finance-icon1.png]
[iqonicthemes.com/themes/qwilo/images/services/icon/finance-icon2.png]
[iqonicthemes.com/themes/qwilo/images/services/icon/finance-icon3.png]
[iqonicthemes.com/themes/qwilo/images/services/icon/finance-icon4.png]
[iqonicthemes.com/themes/qwilo/images/services/icon/finance-icon5.png]
[iqonicthemes.com/themes/qwilo/images/services/icon/finance-icon6.png]
[iqonicthemes.com/themes/qwilo/images/bg/15.jpg]
[iqonicthemes.com/themes/qwilo/creative-agency.html]
[iqonicthemes.com/themes/qwilo/revolution/assets/5ab09-man.jpg]
[iqonicthemes.com/themes/qwilo/revolution/assets/d731d-7.png]
[iqonicthemes.com/themes/qwilo/revolution/assets/6c414-8.png]
[iqonicthemes.com/themes/qwilo/revolution/assets/a0fa7-6.png]
[iqonicthemes.com/themes/qwilo/revolution/assets/6e703-5.png]
[iqonicthemes.com/themes/qwilo/revolution/assets/1419e-4.png]
[iqonicthemes.com/themes/qwilo/revolution/assets/37bbd-2.png]
[iqonicthemes.com/themes/qwilo/revolution/assets/3e91f-01.png]
[iqonicthemes.com/themes/qwilo/images/services/digital-icon/icon1.png]
[iqonicthemes.com/themes/qwilo/images/services/digital-icon/icon2.png]
[iqonicthemes.com/themes/qwilo/images/services/digital-icon/icon3.png]
[iqonicthemes.com/themes/qwilo/images/about-us/seo.png]
[iqonicthemes.com/themes/qwilo/images/services/digital-icon/team1.png]
[iqonicthemes.com/themes/qwilo/images/services/digital-icon/social1.png]
[iqonicthemes.com/themes/qwilo/images/services/digital-icon/social2.png]
[iqonicthemes.com/themes/qwilo/images/services/digital-icon/social4.png]
[iqonicthemes.com/themes/qwilo/images/services/digital-icon/team2.png]
[iqonicthemes.com/themes/qwilo/images/services/digital-icon/team3.png]
[iqonicthemes.com/themes/qwilo/digital-agency.html]
[iqonicthemes.com/themes/qwilo/css/color/color-19.css]
[iqonicthemes.com/themes/qwilo/images/color-customizer/dark/color-19.png]
[iqonicthemes.com/themes/qwilo/revolution/assets/2e060-Untitled-1.jpg]
[iqonicthemes.com/themes/qwilo/revolution/assets/bf82d-03.png]
[iqonicthemes.com/themes/qwilo/revolution/assets/c176d-04.png]
[iqonicthemes.com/themes/qwilo/revolution/assets/218e9-05.png]
[iqonicthemes.com/themes/qwilo/revolution/assets/220b9-06.png]
[iqonicthemes.com/themes/qwilo/revolution/assets/69182-07.png]
[iqonicthemes.com/themes/qwilo/revolution/assets/9ecee-08.png]
[iqonicthemes.com/themes/qwilo/revolution/assets/57877-shape-12.png]
[iqonicthemes.com/themes/qwilo/revolution/assets/33266-round-10.png]
[iqonicthemes.com/themes/qwilo/revolution/assets/e4095-round-13.png]
[iqonicthemes.com/themes/qwilo/images/device/half-iphone2.png]
[iqonicthemes.com/themes/qwilo/images/device/half-iphone.png]
[iqonicthemes.com/themes/qwilo/images/screenshots/01.png]
[iqonicthemes.com/themes/qwilo/images/screenshots/02.png]
[iqonicthemes.com/themes/qwilo/images/screenshots/03.png]
[iqonicthemes.com/themes/qwilo/images/screenshots/04.png]
[iqonicthemes.com/themes/qwilo/images/screenshots/05.png]
[iqonicthemes.com/themes/qwilo/images/device/iphonex-2.png]
[iqonicthemes.com/themes/qwilo/images/download/appstore.png]
[iqonicthemes.com/themes/qwilo/images/download/playstore.png]
[iqonicthemes.com/themes/qwilo/app-landing.html]
[iqonicthemes.com/themes/qwilo/css/color/color-12.css]
[iqonicthemes.com/themes/qwilo/images/color-customizer/white/color-12.png]
[iqonicthemes.com/themes/qwilo/revolution/assets/8660d-la.jpg]
[iqonicthemes.com/themes/qwilo/revolution/assets/d5bb4-award.png]
[iqonicthemes.com/themes/qwilo/revolution/assets/6ccc3-123.jpg]
[iqonicthemes.com/themes/qwilo/revolution/assets/896e1-la2.jpg]
[iqonicthemes.com/themes/qwilo/images/about-us/14.png]
[iqonicthemes.com/themes/qwilo/images/award-grey.png]
[iqonicthemes.com/themes/qwilo/images/about-us/10.png]
[iqonicthemes.com/themes/qwilo/images/bg/21.jpg]
[iqonicthemes.com/themes/qwilo/law.html]
[iqonicthemes.com/themes/qwilo/images/services/icon/services-icon-4.png]
[iqonicthemes.com/themes/qwilo/images/services/icon/services-icon-5.png]
[iqonicthemes.com/themes/qwilo/images/services/icon/services-icon-6.png]
[iqonicthemes.com/themes/qwilo/images/team/round-img4.png]
[iqonicthemes.com/themes/qwilo/loan.html]
[iqonicthemes.com/themes/qwilo/images/bg/38.jpg]
[iqonicthemes.com/themes/qwilo/images/bg/11.jpg]
[iqonicthemes.com/themes/qwilo/consultant.html]
[iqonicthemes.com/themes/qwilo/css/color/color-6.css]
[iqonicthemes.com/themes/qwilo/images/logo-white.png]
[iqonicthemes.com/themes/qwilo/images/bg/48.jpg]
[iqonicthemes.com/themes/qwilo/images/team/speaker-1.jpg]
[iqonicthemes.com/themes/qwilo/images/team/speaker-2.jpg]
[iqonicthemes.com/themes/qwilo/images/team/speaker-3.jpg]
[iqonicthemes.com/themes/qwilo/images/team/speaker-4.jpg]
[iqonicthemes.com/themes/qwilo/images/blog/event-1.jpg]
[iqonicthemes.com/themes/qwilo/images/blog/event-2.jpg]
[iqonicthemes.com/themes/qwilo/images/blog/event-3.jpg]
[iqonicthemes.com/themes/qwilo/images/blog/event-4.jpg]
[iqonicthemes.com/themes/qwilo/event.html]
[iqonicthemes.com/themes/qwilo/images/about-us/01.png]
[iqonicthemes.com/themes/qwilo/images/bg/29.jpg]
[iqonicthemes.com/themes/qwilo/freelancer.html]
[iqonicthemes.com/themes/qwilo/css/jquery-ui.css]
[iqonicthemes.com/themes/qwilo/revolution/assets/557c9-f2.jpg]
[iqonicthemes.com/themes/qwilo/revolution/assets/4f415-f223.jpg]
[iqonicthemes.com/themes/qwilo/revolution/assets/3e39d-f22.jpg]
[iqonicthemes.com/themes/qwilo/images/shop/l1.png]
[iqonicthemes.com/themes/qwilo/images/shop/l2.png]
[iqonicthemes.com/themes/qwilo/images/shop/l3.png]
[iqonicthemes.com/themes/qwilo/images/shop/thumb/01.jpg]
[iqonicthemes.com/themes/qwilo/images/shop/thumb/02.jpg]
[iqonicthemes.com/themes/qwilo/images/shop/thumb/03.jpg]
[iqonicthemes.com/themes/qwilo/images/shop/thumb/04.jpg]
[iqonicthemes.com/themes/qwilo/images/shop/bg/count-img1.jpg]
[iqonicthemes.com/themes/qwilo/images/shop/3.jpg]
[iqonicthemes.com/themes/qwilo/images/shop/bags-1.jpg]
[iqonicthemes.com/themes/qwilo/images/shop/shoes-1.jpg]
[iqonicthemes.com/themes/qwilo/images/shop/women-1.jpg]
[iqonicthemes.com/themes/qwilo/images/shop/instagram/01.jpg]
[iqonicthemes.com/themes/qwilo/images/shop/instagram/02.jpg]
[iqonicthemes.com/themes/qwilo/images/shop/instagram/03.jpg]
[iqonicthemes.com/themes/qwilo/images/shop/instagram/04.jpg]
[iqonicthemes.com/themes/qwilo/images/shop/instagram/05.jpg]
[iqonicthemes.com/themes/qwilo/images/shop/instagram/06.jpg]
[iqonicthemes.com/themes/qwilo/images/shop/paysys/01.png]
[iqonicthemes.com/themes/qwilo/images/shop/paysys/02.png]
[iqonicthemes.com/themes/qwilo/images/shop/paysys/03.png]
[iqonicthemes.com/themes/qwilo/images/shop/paysys/04.png]
[iqonicthemes.com/themes/qwilo/images/shop/paysys/05.png]
[iqonicthemes.com/themes/qwilo/shop-fashion.html]
[iqonicthemes.com/themes/qwilo/revolution/assets/27659-Untitled-3.png]
[iqonicthemes.com/themes/qwilo/revolution/assets/7a525-bg22.jpg]
[iqonicthemes.com/themes/qwilo/revolution/assets/63bf5-lapi2.png]
[iqonicthemes.com/themes/qwilo/images/shop/smart-banner1.png]
[iqonicthemes.com/themes/qwilo/images/shop/smart-banner2.png]
[iqonicthemes.com/themes/qwilo/images/shop/electronic/item-1.jpg]
[iqonicthemes.com/themes/qwilo/images/shop/electronic/item-2.jpg]
[iqonicthemes.com/themes/qwilo/images/shop/electronic/item-3.jpg]
[iqonicthemes.com/themes/qwilo/images/shop/electronic/item-4.jpg]
[iqonicthemes.com/themes/qwilo/images/shop/electronic/item-5.jpg]
[iqonicthemes.com/themes/qwilo/images/shop/product-banner6.jpg]
[iqonicthemes.com/themes/qwilo/images/shop/bg/count-img2.jpg]
[iqonicthemes.com/themes/qwilo/images/shop/electronic-icon/product-icon1.png]
[iqonicthemes.com/themes/qwilo/images/shop/electronic-icon/product-icon2.png]
[iqonicthemes.com/themes/qwilo/images/shop/electronic-icon/product-icon3.png]
[iqonicthemes.com/themes/qwilo/images/shop/electronic-icon/product-icon4.png]
[iqonicthemes.com/themes/qwilo/images/shop/electronic-icon/product-icon5.png]
[iqonicthemes.com/themes/qwilo/shop-electronic.html]
[iqonicthemes.com/themes/qwilo/header1-dark-bg.html]
[iqonicthemes.com/themes/qwilo/header1-white-bg.html]
[iqonicthemes.com/themes/qwilo/header1-transparent-dark.html]
[iqonicthemes.com/themes/qwilo/header1-transparent-white.html]
[iqonicthemes.com/themes/qwilo/header1-dark-border.html]
[iqonicthemes.com/themes/qwilo/header1-white-border.html]
[iqonicthemes.com/themes/qwilo/header2-dark-bg.html]
[iqonicthemes.com/themes/qwilo/header2-white-bg.html]
[iqonicthemes.com/themes/qwilo/header2-transparent.html]
[iqonicthemes.com/themes/qwilo/header2-transparent-dark.html]
[iqonicthemes.com/themes/qwilo/header2-transparent-white.html]
[iqonicthemes.com/themes/qwilo/header3-dark-bg.html]
[iqonicthemes.com/themes/qwilo/header3-white-bg.html]
[iqonicthemes.com/themes/qwilo/header3-white-green-bg.html]
[iqonicthemes.com/themes/qwilo/header4-dark-bg.html]
[iqonicthemes.com/themes/qwilo/header4-white-bg.html]
[iqonicthemes.com/themes/qwilo/header4-transparent-dark.html]
[iqonicthemes.com/themes/qwilo/header4-transparent-white.html]
[iqonicthemes.com/themes/qwilo/header5-dark-bg.html]
[iqonicthemes.com/themes/qwilo/header5-white-bg.html]
[iqonicthemes.com/themes/qwilo/header5-transparent-dark.html]
[iqonicthemes.com/themes/qwilo/header5-transparent-white.html]
[iqonicthemes.com/themes/qwilo/header5-color-bg.html]
[iqonicthemes.com/themes/qwilo/header5-image-bg.html]
[iqonicthemes.com/themes/qwilo/header6-dark-bg.html]
[iqonicthemes.com/themes/qwilo/header6-white-bg.html]
[iqonicthemes.com/themes/qwilo/header6-transparent.html]
[iqonicthemes.com/themes/qwilo/header6-transparent-dark.html]
[iqonicthemes.com/themes/qwilo/header6-transparent-white.html]
[iqonicthemes.com/themes/qwilo/header7-dark-bg.html]
[iqonicthemes.com/themes/qwilo/header7-white-bg.html]
[iqonicthemes.com/themes/qwilo/header7-transparent-dark.html]
[iqonicthemes.com/themes/qwilo/header7-transparent-white.html]
[iqonicthemes.com/themes/qwilo/header7-color-bg.html]
[iqonicthemes.com/themes/qwilo/header7-image-bg.html]
[iqonicthemes.com/themes/qwilo/footers-color-bg-1.html]
[iqonicthemes.com/themes/qwilo/footers-color-bg-2.html]
[iqonicthemes.com/themes/qwilo/footers-color-bg-3.html]
[iqonicthemes.com/themes/qwilo/footers-color-bg-4.html]
[iqonicthemes.com/themes/qwilo/footers-color-bg-5.html]
[iqonicthemes.com/themes/qwilo/footers-color-bg-6.html]
[iqonicthemes.com/themes/qwilo/footers-color-bg-7.html]
[iqonicthemes.com/themes/qwilo/footers-color-bg-8.html]
[iqonicthemes.com/themes/qwilo/footers-color-bg-9.html]
[iqonicthemes.com/themes/qwilo/footers-color-bg-10.html]
[iqonicthemes.com/themes/qwilo/footers-color-bg-11.html]
[iqonicthemes.com/themes/qwilo/footers-white-1.html]
[iqonicthemes.com/themes/qwilo/footers-white-2.html]
[iqonicthemes.com/themes/qwilo/footers-white-3.html]
[iqonicthemes.com/themes/qwilo/footers-white-4.html]
[iqonicthemes.com/themes/qwilo/footers-white-5.html]
[iqonicthemes.com/themes/qwilo/footers-white-6.html]
[iqonicthemes.com/themes/qwilo/footers-white-7.html]
[iqonicthemes.com/themes/qwilo/footers-image-bg-1.html]
[iqonicthemes.com/themes/qwilo/footers-image-bg-2.html]
[iqonicthemes.com/themes/qwilo/footers-image-bg-3.html]
[iqonicthemes.com/themes/qwilo/footers-image-bg-4.html]
[iqonicthemes.com/themes/qwilo/about-us-1.html]
[iqonicthemes.com/themes/qwilo/about-us-2.html]
[iqonicthemes.com/themes/qwilo/about-us-3.html]
[iqonicthemes.com/themes/qwilo/about-me-1.html]
[iqonicthemes.com/themes/qwilo/about-me-2.html]
[iqonicthemes.com/themes/qwilo/about-me-3.html]
[iqonicthemes.com/themes/qwilo/coming-soon-1.html]
[iqonicthemes.com/themes/qwilo/coming-soon-2.html]
[iqonicthemes.com/themes/qwilo/coming-soon-3.html]
[iqonicthemes.com/themes/qwilo/images/device/404.png]
[iqonicthemes.com/themes/qwilo/error-404-1.html]
[iqonicthemes.com/themes/qwilo/images/device/404-4.png]
[iqonicthemes.com/themes/qwilo/error-404-2.html]
[iqonicthemes.com/themes/qwilo/contact-us-4.html]
[iqonicthemes.com/themes/qwilo/images/device/404-3.png]
[iqonicthemes.com/themes/qwilo/error-404-3.html]
[iqonicthemes.com/themes/qwilo/images/device/500.png]
[iqonicthemes.com/themes/qwilo/images/device/robot.png]
[iqonicthemes.com/themes/qwilo/error-500-1.html]
[iqonicthemes.com/themes/qwilo/images/device/robot2.png]
[iqonicthemes.com/themes/qwilo/images/back-btn.png]
[iqonicthemes.com/themes/qwilo/error-500-2.html]
[iqonicthemes.com/themes/qwilo/thank-you-1.html]
[iqonicthemes.com/themes/qwilo/thank-you-2.html]
[iqonicthemes.com/themes/qwilo/images/bg/under.png]
[iqonicthemes.com/themes/qwilo/under-construction-1.html]
[iqonicthemes.com/themes/qwilo/images/bg/construction.gif]
[iqonicthemes.com/themes/qwilo/under-construction-2.html]
[iqonicthemes.com/themes/qwilo/clients-1.html]
[iqonicthemes.com/themes/qwilo/clients-2.html]
[iqonicthemes.com/themes/qwilo/images/about-us/sign.png]
[iqonicthemes.com/themes/qwilo/our-office.html]
[iqonicthemes.com/themes/qwilo/appointment.html]
[iqonicthemes.com/themes/qwilo/blogtextual.html]
[iqonicthemes.com/themes/qwilo/images/about-us/icon.png]
[iqonicthemes.com/themes/qwilo/services-1.html]
[iqonicthemes.com/themes/qwilo/services-2.html]
[iqonicthemes.com/themes/qwilo/services-3.html]
[iqonicthemes.com/themes/qwilo/images/bg/bg-8.png]
[iqonicthemes.com/themes/qwilo/services-details-1.html]
[iqonicthemes.com/themes/qwilo/services-details-2.html]
[iqonicthemes.com/themes/qwilo/team-1.html]
[iqonicthemes.com/themes/qwilo/team-2.html]
[iqonicthemes.com/themes/qwilo/team-3.html]
[iqonicthemes.com/themes/qwilo/team-4.html]
[iqonicthemes.com/themes/qwilo/team-5.html]
[iqonicthemes.com/themes/qwilo/team-6.html]
[iqonicthemes.com/themes/qwilo/team-7.html]
[iqonicthemes.com/themes/qwilo/team-details-1.html]
[iqonicthemes.com/themes/qwilo/team-details-2.html]
[iqonicthemes.com/themes/qwilo/blog-details.2c3.delayed]
[iqonicthemes.com/themes/qwilo/pricing-1.html]
[iqonicthemes.com/themes/qwilo/pricing-2.html]
[iqonicthemes.com/themes/qwilo/pricing-3.html]
[iqonicthemes.com/themes/qwilo/services-details.html]
[iqonicthemes.com/themes/qwilo/pricing-4.html]
[iqonicthemes.com/themes/qwilo/pricing-5.html]
[iqonicthemes.com/themes/qwilo/faq-1.html]
[iqonicthemes.com/themes/qwilo/faq-2.html]
[iqonicthemes.com/themes/qwilo/login-1.html]
[iqonicthemes.com/themes/qwilo/images/bg/45.jpg]
[iqonicthemes.com/themes/qwilo/login-2.html]
[iqonicthemes.com/themes/qwilo/register-1.html]
[iqonicthemes.com/themes/qwilo/register-2.html]
[iqonicthemes.com/themes/qwilo/login-register-1.html]
[iqonicthemes.com/themes/qwilo/login-register-2.html]
[iqonicthemes.com/themes/qwilo/contact-us-1.html]
[iqonicthemes.com/themes/qwilo/contact-us-2.html]
[iqonicthemes.com/themes/qwilo/contact-us-3.html]
[iqonicthemes.com/themes/qwilo/elements-accordions.html]
[iqonicthemes.com/themes/qwilo/elements-action-box.html]
[iqonicthemes.com/themes/qwilo/elements-carousel-slider.html]
[iqonicthemes.com/themes/qwilo/elements-clients.html]
[iqonicthemes.com/themes/qwilo/elements-testimonial.html]
[iqonicthemes.com/themes/qwilo/elements-counters.html]
[iqonicthemes.com/themes/qwilo/elements-features.html]
[iqonicthemes.com/themes/qwilo/elements-pricing-boxes.html]
[iqonicthemes.com/themes/qwilo/elements-skill.html]
[iqonicthemes.com/themes/qwilo/elements-content-box.html]
[iqonicthemes.com/themes/qwilo/elements-tab.html]
[iqonicthemes.com/themes/qwilo/elements-team.html]
[iqonicthemes.com/themes/qwilo/elements-alerts.html]
[iqonicthemes.com/themes/qwilo/elements-tables.html]
[iqonicthemes.com/themes/qwilo/elements-lists-style.html]
[iqonicthemes.com/themes/qwilo/elements-typography.html]
[iqonicthemes.com/themes/qwilo/images/bg/pattern.png]
[iqonicthemes.com/themes/qwilo/breadcrum-1.html]
[iqonicthemes.com/themes/qwilo/breadcrum-2.html]
[iqonicthemes.com/themes/qwilo/breadcrum-3.html]
[iqonicthemes.com/themes/qwilo/images/blog/posts/01.jpg]
[iqonicthemes.com/themes/qwilo/images/blog/posts/02.jpg]
[iqonicthemes.com/themes/qwilo/images/blog/posts/03.jpg]
[iqonicthemes.com/themes/qwilo/images/blog/posts/04.jpg]
[iqonicthemes.com/themes/qwilo/video/01.jpg]
[iqonicthemes.com/themes/qwilo/video/01.mp4]
[www.largesound.com/ashborytour/sound/AshboryBYU.mp3]
[iqonicthemes.com/themes/qwilo/blog-classic-left-sidebar.html]
[iqonicthemes.com/themes/qwilo/blog-classic-right-sidebar.html]
[iqonicthemes.com/themes/qwilo/blog-classic-fullwidth.html]
[iqonicthemes.com/themes/qwilo/blog-grid-2-column-left-sidebar.html]
[iqonicthemes.com/themes/qwilo/blog-grid-2-column-right-sidebar.html]
[iqonicthemes.com/themes/qwilo/blog-grid-2-column.html]
[iqonicthemes.com/themes/qwilo/blog-grid-3-column.html]
[iqonicthemes.com/themes/qwilo/blog-masonry-2-columns-left-sidebar.html]
[iqonicthemes.com/themes/qwilo/blog-masonry-2-columns-right-sidebar.html]
[iqonicthemes.com/themes/qwilo/blog-masonry-2-columns.html]
[iqonicthemes.com/themes/qwilo/blog-masonry-3-columns.html]
[iqonicthemes.com/themes/qwilo/blog-single-audio-post.html]
[iqonicthemes.com/themes/qwilo/blog-single-image-post.html]
[iqonicthemes.com/themes/qwilo/blog-single-image-silder.html]
[iqonicthemes.com/themes/qwilo/blog-single-video-post.html]
[iqonicthemes.com/themes/qwilo/blog-single-vimeo-post.html]
[iqonicthemes.com/themes/qwilo/masonry-2-portfolio.html]
[iqonicthemes.com/themes/qwilo/masonry-2-portfolio-no-space.html]
[iqonicthemes.com/themes/qwilo/full-masonry-2-portfolio.html]
[iqonicthemes.com/themes/qwilo/full-masonry-2-portfolio-no-space.html]
[iqonicthemes.com/themes/qwilo/masonry-3-portfolio.html]
[iqonicthemes.com/themes/qwilo/masonry-3-portfolio-no-space.html]
[iqonicthemes.com/themes/qwilo/full-masonry-3-portfolio.html]
[iqonicthemes.com/themes/qwilo/full-masonry-3-portfolio-no-space.html]
[iqonicthemes.com/themes/qwilo/masonry-4-portfolio.html]
[iqonicthemes.com/themes/qwilo/masonry-4-portfolio-no-space.html]
[iqonicthemes.com/themes/qwilo/full-masonry-4-portfolio.html]
[iqonicthemes.com/themes/qwilo/full-masonry-4-portfolio-no-space.html]
[iqonicthemes.com/themes/qwilo/full-masonry-5-portfolio.html]
[iqonicthemes.com/themes/qwilo/full-masonry-5-portfolio-no-space.html]
[iqonicthemes.com/themes/qwilo/gallery-2-portfolio.html]
[iqonicthemes.com/themes/qwilo/gallery-2-portfolio-no-space.html]
[iqonicthemes.com/themes/qwilo/full-gallery-2-portfolio.html]
[iqonicthemes.com/themes/qwilo/full-gallery-2-portfolio-no-space.html]
[iqonicthemes.com/themes/qwilo/gallery-3-portfolio.html]
[iqonicthemes.com/themes/qwilo/gallery-3-portfolio-no-space.html]
[iqonicthemes.com/themes/qwilo/full-gallery-3-portfolio.html]
[iqonicthemes.com/themes/qwilo/full-gallery-3-portfolio-no-space.html]
[iqonicthemes.com/themes/qwilo/gallery-4-portfolio.html]
[iqonicthemes.com/themes/qwilo/gallery-4-portfolio-no-space.html]
[iqonicthemes.com/themes/qwilo/full-gallery-4-portfolio.html]
[iqonicthemes.com/themes/qwilo/full-gallery-4-portfolio-no-space.html]
[iqonicthemes.com/themes/qwilo/full-gallery-5-portfolio.html]
[iqonicthemes.com/themes/qwilo/full-gallery-5-portfolio-no-space.html]
[iqonicthemes.com/themes/qwilo/grid-2-portfolio.html]
[iqonicthemes.com/themes/qwilo/grid-2-portfolio-no-space.html]
[iqonicthemes.com/themes/qwilo/full-grid-2-portfolio.html]
[iqonicthemes.com/themes/qwilo/full-grid-2-portfolio-no-space.html]
[iqonicthemes.com/themes/qwilo/grid-3-portfolio.html]
[iqonicthemes.com/themes/qwilo/grid-3-portfolio-no-space.html]
[iqonicthemes.com/themes/qwilo/full-grid-3-portfolio.html]
[iqonicthemes.com/themes/qwilo/full-grid-3-portfolio-no-space.html]
[iqonicthemes.com/themes/qwilo/images/portfolio/grid/09.jpg]
[iqonicthemes.com/themes/qwilo/grid-4-portfolio.html]
[iqonicthemes.com/themes/qwilo/grid-4-portfolio-no-space.html]
[iqonicthemes.com/themes/qwilo/full-grid-4-portfolio.html]
[iqonicthemes.com/themes/qwilo/full-grid-4-portfolio-no-space.html]
[iqonicthemes.com/themes/qwilo/full-grid-5-portfolio.html]
[iqonicthemes.com/themes/qwilo/full-grid-5-portfolio-no-space.html]
[iqonicthemes.com/themes/qwilo/classic-portfolio.html]
[iqonicthemes.com/themes/qwilo/classic-2-portfolio.html]
[iqonicthemes.com/themes/qwilo/classic-2-portfolio-no-space.html]
[iqonicthemes.com/themes/qwilo/full-classic-2-portfolio.html]
[iqonicthemes.com/themes/qwilo/full-classic-2-portfolio-no-space.html]
[iqonicthemes.com/themes/qwilo/classic-3-portfolio.html]
[iqonicthemes.com/themes/qwilo/classic-3-portfolio-no-space.html]
[iqonicthemes.com/themes/qwilo/full-classic-3-portfolio.html]
[iqonicthemes.com/themes/qwilo/full-classic-3-portfolio-no-space.html]
[iqonicthemes.com/themes/qwilo/classic-4-portfolio.html]
[iqonicthemes.com/themes/qwilo/classic-4-portfolio-no-space.html]
[iqonicthemes.com/themes/qwilo/full-classic-4-portfolio.html]
[iqonicthemes.com/themes/qwilo/full-classic-4-portfolio-no-space.html]
[iqonicthemes.com/themes/qwilo/classic-masonry-2-portfolio.html]
[iqonicthemes.com/themes/qwilo/classic-masonry-2-portfolio-no-space.html]
[iqonicthemes.com/themes/qwilo/full-classic-masonry-2-portfolio.html]
[iqonicthemes.com/themes/qwilo/full-classic-masonry-2-portfolio-no-space.html]
[iqonicthemes.com/themes/qwilo/classic-masonry-3-portfolio.html]
[iqonicthemes.com/themes/qwilo/classic-masonry-3-portfolio-no-space.html]
[iqonicthemes.com/themes/qwilo/full-classic-masonry-3-portfolio.html]
[iqonicthemes.com/themes/qwilo/images/portfolio/masonry/08.2cf.delayed]
[iqonicthemes.com/themes/qwilo/full-classic-masonry-3-portfolio-no-space.html]
[iqonicthemes.com/themes/qwilo/classic-masonry-4-portfolio.html]
[iqonicthemes.com/themes/qwilo/classic-masonry-4-portfolio-no-space.html]
[iqonicthemes.com/themes/qwilo/full-classic-masonry-4-portfolio.html]
[iqonicthemes.com/themes/qwilo/full-classic-masonry-4-portfolio-no-space.html]
[iqonicthemes.com/themes/qwilo/portfolio-single-1.html]
[iqonicthemes.com/themes/qwilo/portfolio-single-2.html]
[iqonicthemes.com/themes/qwilo/css/bootstrap.css]
[iqonicthemes.com/themes/qwilo/css/slick/slick.css]
[iqonicthemes.com/themes/qwilo/css/slick/slick-theme.css]
[iqonicthemes.com/themes/qwilo/images/shop/thumb/05.jpg]
[iqonicthemes.com/themes/qwilo/images/shop/review/01.jpg]
[iqonicthemes.com/themes/qwilo/images/shop/review/02.jpg]
[iqonicthemes.com/themes/qwilo/images/shop/review/03.jpg]
[iqonicthemes.com/themes/qwilo/images/shop/review/04.jpg]
[iqonicthemes.com/themes/qwilo/images/shop/thumb/06.jpg]
[iqonicthemes.com/themes/qwilo/js/bootstrap.js]
[iqonicthemes.com/themes/qwilo/js/slick/slick.min.js]
[iqonicthemes.com/themes/qwilo/shop-detail.html]
[iqonicthemes.com/themes/qwilo/images/gallery/04.jpg]
[iqonicthemes.com/themes/qwilo/images/gallery/05.jpg]
[iqonicthemes.com/themes/qwilo/shop-detail-left-sidebar.html]
[iqonicthemes.com/themes/qwilo/shop-detail-right-sidebar.html]
[iqonicthemes.com/themes/qwilo/shop-grid-2columns.html]
[iqonicthemes.com/themes/qwilo/images/shop/deal.jpg]
[iqonicthemes.com/themes/qwilo/shop-grid-2columns-left-sidebar.html]
[iqonicthemes.com/themes/qwilo/shop-grid-2columns-right-sidebar.html]
[iqonicthemes.com/themes/qwilo/shop-grid-2columns-sidebar-both.html]
[iqonicthemes.com/themes/qwilo/shop-grid-3columns.html]
[iqonicthemes.com/themes/qwilo/shop-grid-3columns-left-sidebar.html]
[iqonicthemes.com/themes/qwilo/shop-grid-4columns-right-sidebar.html]
[iqonicthemes.com/themes/qwilo/shop-grid-4columns.html]
[iqonicthemes.com/themes/qwilo/shop-grid-4columns-left-sidebar.html]
[iqonicthemes.com/themes/qwilo/shop-listing.html]
[iqonicthemes.com/themes/qwilo/shop-listing-left-sidebar.html]
[iqonicthemes.com/themes/qwilo/shop-listing-right-sidebar.html]
[iqonicthemes.com/themes/qwilo/shop-listing-sidebar-both.html]
[iqonicthemes.com/themes/qwilo/shop-full-width.html]
[iqonicthemes.com/themes/qwilo/cart.html]
[iqonicthemes.com/themes/qwilo/checkout.html]
[iqonicthemes.com/themes/qwilo/fonts/fontawesome-webfont3e6e.html]
[iqonicthemes.com/themes/qwilo/fonts/fontawesome-webfont3e6e.svg]
[iqonicthemes.com/themes/qwilo/fonts/ionicons28b5.svg]
[iqonicthemes.com/themes/qwilo/css/owl-carousel/owl.video.play.html]
[iqonicthemes.com/themes/qwilo/revolution/fonts/revicons/revicons90c6.svg]
[iqonicthemes.com/themes/qwilo/revolution/css/openhand.html]
[iqonicthemes.com/themes/qwilo/revolution/css/closedhand.html]
[iqonicthemes.com/themes/qwilo/revolution/assets/gridtile.html]
[iqonicthemes.com/themes/qwilo/revolution/assets/gridtile_white.html]
[iqonicthemes.com/themes/qwilo/revolution/assets/gridtile_3x3.html]
[iqonicthemes.com/themes/qwilo/revolution/assets/gridtile_3x3_white.html]
[iqonicthemes.com/themes/qwilo/images/pattern/pattern-2.html]
[iqonicthemes.com/themes/qwilo/blog-classicbar.html]
[iqonicthemes.com/themes/qwilo/blog-grid-2-columnbar.html]
[iqonicthemes.com/themes/qwilo/blog-masonry-2-columnsbar.html]
[iqonicthemes.com/themes/qwilo/about-details.html]
[iqonicthemes.com/themes/qwilo/css/color/color-9.css]
[iqonicthemes.com/themes/qwilo/css/color/color-19.css]
[iqonicthemes.com/themes/qwilo/css/color/color-12.css]
[iqonicthemes.com/themes/qwilo/css/color/color-6.css]
[iqonicthemes.com/themes/qwilo/css/images/ui-bg_diagonals-small_50_ff3853_40x40.2e0.delayed]
[iqonicthemes.com/themes/qwilo/css/images/ui-icons_c02669_256x240.png]
[iqonicthemes.com/themes/qwilo/js/jquery-ui.js]
[iqonicthemes.com/themes/qwilo/css/images/ui-icons_e1e463_256x240.png]
[iqonicthemes.com/themes/qwilo/css/images/ui-icons_ffffff_256x240.png]
[iqonicthemes.com/themes/qwilo/css/images/ui-icons_454545_256x240.png]
[iqonicthemes.com/themes/qwilo/css/images/ui-icons_88a206_256x240.png]
[iqonicthemes.com/themes/qwilo/css/jquery-ui.css]
[iqonicthemes.com/themes/qwilo/contact-us-4.html]
[iqonicthemes.com/themes/qwilo/images/bg/bg-8.html]
[iqonicthemes.com/themes/qwilo/blog-details.html]
[iqonicthemes.com/themes/qwilo/services-details.html]
[iqonicthemes.com/themes/qwilo/video/01.html]
[iqonicthemes.com/themes/qwilo/images/portfolio/masonry/08.html]
[iqonicthemes.com/themes/qwilo/css/bootstrap.css]
[iqonicthemes.com/themes/qwilo/css/slick/slick.css]
[iqonicthemes.com/themes/qwilo/css/slick/slick-theme.css]
[iqonicthemes.com/themes/qwilo/images/shop/thumb/deal.html]
[iqonicthemes.com/themes/qwilo/css/images/ui-bg_diagonals-small_50_ff3853_40x40.html]
[iqonicthemes.com/themes/qwilo/css/images/ui-icons_c02669_256x240.html]
[iqonicthemes.com/themes/qwilo/css/images/ui-icons_e1e463_256x240.html]
[iqonicthemes.com/themes/qwilo/css/images/ui-icons_ffffff_256x240.html]
[iqonicthemes.com/themes/qwilo/css/images/ui-icons_454545_256x240.html]
[iqonicthemes.com/themes/qwilo/css/images/ui-icons_88a206_256x240.html]
[iqonicthemes.com/themes/qwilo/css/images/ui-icons_ffeb33_256x240.html]
[iqonicthemes.com/themes/qwilo/css/images/ui-bg_white-lines_85_f7f7ba_40x100.html]
[iqonicthemes.com/themes/qwilo/css/images/ui-bg_flat_75_ba9217_40x100.html]
[iqonicthemes.com/themes/qwilo/css/slick/ajax-loader.html]
[iqonicthemes.com/themes/qwilo/css/slick/fonts/slick.html]
[iqonicthemes.com/themes/qwilo/css/slick/fonts/slickd41d.html]
[iqonicthemes.com/themes/qwilo/css/slick/fonts/slick-2.html]
[iqonicthemes.com/themes/qwilo/css/slick/fonts/slick-3.html]
[iqonicthemes.com/themes/qwilo/css/slick/fonts/slick-4.html]
